// Jest Snapshot v1, https://goo.gl/fbAQLP

exports[`<Item /> should render initial component 1`] = `
<div
  className="ts text container"
>
  <Breadcrumb
    activeId={null}
    data={Array []}
  />
  <div
    className="ts divider"
  />
  <Content
    authorEmail=""
    authorName=""
    description=""
    image=""
    placeholder=""
    title=""
  />
</div>
`;
