// Jest Snapshot v1, https://goo.gl/fbAQLP

exports[`<Breadcrumb /> should render component with props 1`] = `
<div
  className="ts breadcrumb"
>
  <div
    className="section"
    key="breadcrumb0"
  >
    <a
      onClick={[MockFunction]}
    >
      Home
    </a>
  </div>
  <div
    className="section active"
    key="breadcrumb1"
  >
    <i
      className="right angle icon divider"
    />
    title
  </div>
</div>
`;

exports[`<Breadcrumb /> should render initial component 1`] = `
<div
  className="ts breadcrumb"
/>
`;
